<?xml version="1.0" encoding="UTF-8" standalone="no"?>
<testsuite failures="0" name="cucumber.runtime.formatter.JUnitFormatter" skipped="0" tests="1" time="39.454333">
<testcase classname="Login Test" name="Successful login scenario" time="39.454333">
<system-out><![CDATA[Given I am able to access magento web page..................................passed
When I update the username as "natarajan.ramanathan93@gmail.com"............passed
And I update the password as "Welcome123"...................................passed
And I click on the login button.............................................passed
Then I should find the magento id as "ID: MAG003417822".....................passed
]]></system-out>
</testcase>
</testsuite>
